2026-10-05 16:33:00,051 [INFO] download models from model hub: hf
2026-10-05 16:33:00,248 [INFO] HTTP Request: GET https://huggingface.co/api/models/emotion2vec/emotion2vec_base/revision/main "HTTP/1.1 200 OK"
funasr version: 1.4.16.
Fetching 7 files:   0%|          | 0/7 [00:00<?, ?it/s]Fetching 7 files: 100%|██████████| 7/7 [00:00<00:00, 3634.13it/s]
2026-10-05 16:33:00,257 [WARNING] trust_remote_code: False
2026-10-05 16:33:00,417 [INFO] Loading pretrained params from /Users/hassan/.cache/huggingface/hub/models--emotion2vec--emotion2vec_base/snapshots/0c9a3152734f9d7a7a05b4ee6bfb3c109d288664/emotion2vec_base.pt
2026-10-05 16:33:00,417 [INFO] ckpt: /Users/hassan/.cache/huggingface/hub/models--emotion2vec--emotion2vec_base/snapshots/0c9a3152734f9d7a7a05b4ee6bfb3c109d288664/emotion2vec_base.pt
2026-10-05 16:33:01,270 [INFO] scope_map: ['module.', 'None']
2026-10-05 16:33:01,271 [INFO] excludes: None
2026-10-05 16:33:01,352 [INFO] Loading ckpt: /Users/hassan/.cache/huggingface/hub/models--emotion2vec--emotion2vec_base/snapshots/0c9a3152734f9d7a7a05b4ee6bfb3c109d288664/emotion2vec_base.pt, status: <All keys matched successfully>
e2v_base 200/1440 17s
e2v_base 400/1440 34s
e2v_base 600/1440 50s
e2v_base 800/1440 65s
e2v_base 1000/1440 81s
e2v_base 1200/1440 97s
e2v_base 1400/1440 114s
e2v_base (1440, 768) 0.082 s/clip []
2026-10-05 16:35:03,844 [INFO] download models from model hub: hf
2026-10-05 16:35:04,036 [INFO] HTTP Request: GET https://huggingface.co/api/models/emotion2vec/emotion2vec_plus_large/revision/main "HTTP/1.1 200 OK"
funasr version: 1.4.16.
Fetching 9 files:   0%|          | 0/9 [00:00<?, ?it/s]Fetching 9 files: 100%|██████████| 9/9 [00:00<00:00, 3816.86it/s]
2026-10-05 16:35:04,054 [WARNING] trust_remote_code: False
2026-10-05 16:35:04,320 [INFO] Loading pretrained params from /Users/hassan/.cache/huggingface/hub/models--emotion2vec--emotion2vec_plus_large/snapshots/6c303ba987b86b93193de93e34bb2b077a6bedc4/model.pt
2026-10-05 16:35:04,321 [INFO] ckpt: /Users/hassan/.cache/huggingface/hub/models--emotion2vec--emotion2vec_plus_large/snapshots/6c303ba987b86b93193de93e34bb2b077a6bedc4/model.pt
2026-10-05 16:35:06,132 [INFO] scope_map: ['d2v_model.', 'none', 'module.', 'None']
2026-10-05 16:35:06,134 [INFO] excludes: None
2026-10-05 16:35:06,134 [INFO] init param, map: modality_encoders.AUDIO.extra_tokens from d2v_model.modality_encoders.AUDIO.extra_tokens in ckpt
2026-10-05 16:35:06,134 [INFO] init param, map: modality_encoders.AUDIO.alibi_scale from d2v_model.modality_encoders.AUDIO.alibi_scale in ckpt
2026-10-05 16:35:06,134 [INFO] init param, map: modality_encoders.AUDIO.local_encoder.conv_layers.0.0.weight from d2v_model.modality_encoders.AUDIO.local_encoder.conv_layers.0.0.weight in ckpt
2026-10-05 16:35:06,134 [INFO] init param, map: modality_encoders.AUDIO.local_encoder.conv_layers.0.2.1.weight from d2v_model.modality_encoders.AUDIO.local_encoder.conv_layers.0.2.1.weight in ckpt
2026-10-05 16:35:06,134 [INFO] init param, map: modality_encoders.AUDIO.local_encoder.conv_layers.0.2.1.bias from d2v_model.modality_encoders.AUDIO.local_encoder.conv_layers.0.2.1.bias in ckpt
2026-10-05 16:35:06,134 [INFO] init param, map: modality_encoders.AUDIO.local_encoder.conv_layers.1.0.weight from d2v_model.modality_encoders.AUDIO.local_encoder.conv_layers.1.0.weight in ckpt
2026-10-05 16:35:06,134 [INFO] init param, map: modality_encoders.AUDIO.local_encoder.conv_layers.1.2.1.weight from d2v_model.modality_encoders.AUDIO.local_encoder.conv_layers.1.2.1.weight in ckpt
2026-10-05 16:35:06,134 [INFO] init param, map: modality_encoders.AUDIO.local_encoder.conv_layers.1.2.1.bias from d2v_model.modality_encoders.AUDIO.local_encoder.conv_layers.1.2.1.bias in ckpt
2026-10-05 16:35:06,134 [INFO] init param, map: modality_encoders.AUDIO.local_encoder.conv_layers.2.0.weight from d2v_model.modality_encoders.AUDIO.local_encoder.conv_layers.2.0.weight in ckpt
2026-10-05 16:35:06,134 [INFO] init param, map: modality_encoders.AUDIO.local_encoder.conv_layers.2.2.1.weight from d2v_model.modality_encoders.AUDIO.local_encoder.conv_layers.2.2.1.weight in ckpt
2026-10-05 16:35:06,134 [INFO] init param, map: modality_encoders.AUDIO.local_encoder.conv_layers.2.2.1.bias from d2v_model.modality_encoders.AUDIO.local_encoder.conv_layers.2.2.1.bias in ckpt
2026-10-05 16:35:06,134 [INFO] init param, map: modality_encoders.AUDIO.local_encoder.conv_layers.3.0.weight from d2v_model.modality_encoders.AUDIO.local_encoder.conv_layers.3.0.weight in ckpt
2026-10-05 16:35:06,134 [INFO] init param, map: modality_encoders.AUDIO.local_encoder.conv_layers.3.2.1.weight from d2v_model.modality_encoders.AUDIO.local_encoder.conv_layers.3.2.1.weight in ckpt
2026-10-05 16:35:06,134 [INFO] init param, map: modality_encoders.AUDIO.local_encoder.conv_layers.3.2.1.bias from d2v_model.modality_encoders.AUDIO.local_encoder.conv_layers.3.2.1.bias in ckpt
2026-10-05 16:35:06,134 [INFO] init param, map: modality_encoders.AUDIO.local_encoder.conv_layers.4.0.weight from d2v_model.modality_encoders.AUDIO.local_encoder.conv_layers.4.0.weight in ckpt
2026-10-05 16:35:06,134 [INFO] init param, map: modality_encoders.AUDIO.local_encoder.conv_layers.4.2.1.weight from d2v_model.modality_encoders.AUDIO.local_encoder.conv_layers.4.2.1.weight in ckpt
2026-10-05 16:35:06,134 [INFO] init param, map: modality_encoders.AUDIO.local_encoder.conv_layers.4.2.1.bias from d2v_model.modality_encoders.AUDIO.local_encoder.conv_layers.4.2.1.bias in ckpt
2026-10-05 16:35:06,134 [INFO] init param, map: modality_encoders.AUDIO.local_encoder.conv_layers.5.0.weight from d2v_model.modality_encoders.AUDIO.local_encoder.conv_layers.5.0.weight in ckpt
2026-10-05 16:35:06,134 [INFO] init param, map: modality_encoders.AUDIO.local_encoder.conv_layers.5.2.1.weight from d2v_model.modality_encoders.AUDIO.local_encoder.conv_layers.5.2.1.weight in ckpt
2026-10-05 16:35:06,134 [INFO] init param, map: modality_encoders.AUDIO.local_encoder.conv_layers.5.2.1.bias from d2v_model.modality_encoders.AUDIO.local_encoder.conv_layers.5.2.1.bias in ckpt
2026-10-05 16:35:06,134 [INFO] init param, map: modality_encoders.AUDIO.local_encoder.conv_layers.6.0.weight from d2v_model.modality_encoders.AUDIO.local_encoder.conv_layers.6.0.weight in ckpt
2026-10-05 16:35:06,134 [INFO] init param, map: modality_encoders.AUDIO.local_encoder.conv_layers.6.2.1.weight from d2v_model.modality_encoders.AUDIO.local_encoder.conv_layers.6.2.1.weight in ckpt
2026-10-05 16:35:06,134 [INFO] init param, map: modality_encoders.AUDIO.local_encoder.conv_layers.6.2.1.bias from d2v_model.modality_encoders.AUDIO.local_encoder.conv_layers.6.2.1.bias in ckpt
2026-10-05 16:35:06,134 [INFO] init param, map: modality_encoders.AUDIO.project_features.1.weight from d2v_model.modality_encoders.AUDIO.project_features.1.weight in ckpt
2026-10-05 16:35:06,134 [INFO] init param, map: modality_encoders.AUDIO.project_features.1.bias from d2v_model.modality_encoders.AUDIO.project_features.1.bias in ckpt
2026-10-05 16:35:06,134 [INFO] init param, map: modality_encoders.AUDIO.project_features.2.weight from d2v_model.modality_encoders.AUDIO.project_features.2.weight in ckpt
2026-10-05 16:35:06,134 [INFO] init param, map: modality_encoders.AUDIO.project_features.2.bias from d2v_model.modality_encoders.AUDIO.project_features.2.bias in ckpt
2026-10-05 16:35:06,134 [INFO] init param, map: modality_encoders.AUDIO.relative_positional_encoder.1.0.weight from d2v_model.modality_encoders.AUDIO.relative_positional_encoder.1.0.weight in ckpt
2026-10-05 16:35:06,134 [INFO] init param, map: modality_encoders.AUDIO.relative_positional_encoder.1.0.bias from d2v_model.modality_encoders.AUDIO.relative_positional_encoder.1.0.bias in ckpt
2026-10-05 16:35:06,134 [INFO] init param, map: modality_encoders.AUDIO.relative_positional_encoder.2.0.weight from d2v_model.modality_encoders.AUDIO.relative_positional_encoder.2.0.weight in ckpt
2026-10-05 16:35:06,134 [INFO] init param, map: modality_encoders.AUDIO.relative_positional_encoder.2.0.bias from d2v_model.modality_encoders.AUDIO.relative_positional_encoder.2.0.bias in ckpt
2026-10-05 16:35:06,134 [INFO] init param, map: modality_encoders.AUDIO.relative_positional_encoder.3.0.weight from d2v_model.modality_encoders.AUDIO.relative_positional_encoder.3.0.weight in ckpt
2026-10-05 16:35:06,134 [INFO] init param, map: modality_encoders.AUDIO.relative_positional_encoder.3.0.bias from d2v_model.modality_encoders.AUDIO.relative_positional_encoder.3.0.bias in ckpt
2026-10-05 16:35:06,134 [INFO] init param, map: modality_encoders.AUDIO.relative_positional_encoder.4.0.weight from d2v_model.modality_encoders.AUDIO.relative_positional_encoder.4.0.weight in ckpt
2026-10-05 16:35:06,134 [INFO] init param, map: modality_encoders.AUDIO.relative_positional_encoder.4.0.bias from d2v_model.modality_encoders.AUDIO.relative_positional_encoder.4.0.bias in ckpt
2026-10-05 16:35:06,134 [INFO] init param, map: modality_encoders.AUDIO.relative_positional_encoder.5.0.weight from d2v_model.modality_encoders.AUDIO.relative_positional_encoder.5.0.weight in ckpt
2026-10-05 16:35:06,134 [INFO] init param, map: modality_encoders.AUDIO.relative_positional_encoder.5.0.bias from d2v_model.modality_encoders.AUDIO.relative_positional_encoder.5.0.bias in ckpt
2026-10-05 16:35:06,134 [INFO] init param, map: modality_encoders.AUDIO.context_encoder.blocks.0.norm1.weight from d2v_model.modality_encoders.AUDIO.context_encoder.blocks.0.norm1.weight in ckpt
2026-10-05 16:35:06,134 [INFO] init param, map: modality_encoders.AUDIO.context_encoder.blocks.0.norm1.bias from d2v_model.modality_encoders.AUDIO.context_encoder.blocks.0.norm1.bias in ckpt
2026-10-05 16:35:06,134 [INFO] init param, map: modality_encoders.AUDIO.context_encoder.blocks.0.attn.qkv.weight from d2v_model.modality_encoders.AUDIO.context_encoder.blocks.0.attn.qkv.weight in ckpt
2026-10-05 16:35:06,134 [INFO] init param, map: modality_encoders.AUDIO.context_encoder.blocks.0.attn.qkv.bias from d2v_model.modality_encoders.AUDIO.context_encoder.blocks.0.attn.qkv.bias in ckpt
2026-10-05 16:35:06,134 [INFO] init param, map: modality_encoders.AUDIO.context_encoder.blocks.0.attn.proj.weight from d2v_model.modality_encoders.AUDIO.context_encoder.blocks.0.attn.proj.weight in ckpt
2026-10-05 16:35:06,134 [INFO] init param, map: modality_encoders.AUDIO.context_encoder.blocks.0.attn.proj.bias from d2v_model.modality_encoders.AUDIO.context_encoder.blocks.0.attn.proj.bias in ckpt
2026-10-05 16:35:06,134 [INFO] init param, map: modality_encoders.AUDIO.context_encoder.blocks.0.norm2.weight from d2v_model.modality_encoders.AUDIO.context_encoder.blocks.0.norm2.weight in ckpt
2026-10-05 16:35:06,134 [INFO] init param, map: modality_encoders.AUDIO.context_encoder.blocks.0.norm2.bias from d2v_model.modality_encoders.AUDIO.context_encoder.blocks.0.norm2.bias in ckpt
2026-10-05 16:35:06,134 [INFO] init param, map: modality_encoders.AUDIO.context_encoder.blocks.0.mlp.fc1.weight from d2v_model.modality_encoders.AUDIO.context_encoder.blocks.0.mlp.fc1.weight in ckpt
2026-10-05 16:35:06,134 [INFO] init param, map: modality_encoders.AUDIO.context_encoder.blocks.0.mlp.fc1.bias from d2v_model.modality_encoders.AUDIO.context_encoder.blocks.0.mlp.fc1.bias in ckpt
2026-10-05 16:35:06,134 [INFO] init param, map: modality_encoders.AUDIO.context_encoder.blocks.0.mlp.fc2.weight from d2v_model.modality_encoders.AUDIO.context_encoder.blocks.0.mlp.fc2.weight in ckpt
2026-10-05 16:35:06,134 [INFO] init param, map: modality_encoders.AUDIO.context_encoder.blocks.0.mlp.fc2.bias from d2v_model.modality_encoders.AUDIO.context_encoder.blocks.0.mlp.fc2.bias in ckpt
2026-10-05 16:35:06,134 [INFO] init param, map: modality_encoders.AUDIO.context_encoder.blocks.1.norm1.weight from d2v_model.modality_encoders.AUDIO.context_encoder.blocks.1.norm1.weight in ckpt
2026-10-05 16:35:06,134 [INFO] init param, map: modality_encoders.AUDIO.context_encoder.blocks.1.norm1.bias from d2v_model.modality_encoders.AUDIO.context_encoder.blocks.1.norm1.bias in ckpt
2026-10-05 16:35:06,134 [INFO] init param, map: modality_encoders.AUDIO.context_encoder.blocks.1.attn.qkv.weight from d2v_model.modality_encoders.AUDIO.context_encoder.blocks.1.attn.qkv.weight in ckpt
2026-10-05 16:35:06,134 [INFO] init param, map: modality_encoders.AUDIO.context_encoder.blocks.1.attn.qkv.bias from d2v_model.modality_encoders.AUDIO.context_encoder.blocks.1.attn.qkv.bias in ckpt
2026-10-05 16:35:06,134 [INFO] init param, map: modality_encoders.AUDIO.context_encoder.blocks.1.attn.proj.weight from d2v_model.modality_encoders.AUDIO.context_encoder.blocks.1.attn.proj.weight in ckpt
2026-10-05 16:35:06,134 [INFO] init param, map: modality_encoders.AUDIO.context_encoder.blocks.1.attn.proj.bias from d2v_model.modality_encoders.AUDIO.context_encoder.blocks.1.attn.proj.bias in ckpt
2026-10-05 16:35:06,134 [INFO] init param, map: modality_encoders.AUDIO.context_encoder.blocks.1.norm2.weight from d2v_model.modality_encoders.AUDIO.context_encoder.blocks.1.norm2.weight in ckpt
2026-10-05 16:35:06,134 [INFO] init param, map: modality_encoders.AUDIO.context_encoder.blocks.1.norm2.bias from d2v_model.modality_encoders.AUDIO.context_encoder.blocks.1.norm2.bias in ckpt
2026-10-05 16:35:06,134 [INFO] init param, map: modality_encoders.AUDIO.context_encoder.blocks.1.mlp.fc1.weight from d2v_model.modality_encoders.AUDIO.context_encoder.blocks.1.mlp.fc1.weight in ckpt
2026-10-05 16:35:06,134 [INFO] init param, map: modality_encoders.AUDIO.context_encoder.blocks.1.mlp.fc1.bias from d2v_model.modality_encoders.AUDIO.context_encoder.blocks.1.mlp.fc1.bias in ckpt
2026-10-05 16:35:06,134 [INFO] init param, map: modality_encoders.AUDIO.context_encoder.blocks.1.mlp.fc2.weight from d2v_model.modality_encoders.AUDIO.context_encoder.blocks.1.mlp.fc2.weight in ckpt
2026-10-05 16:35:06,134 [INFO] init param, map: modality_encoders.AUDIO.context_encoder.blocks.1.mlp.fc2.bias from d2v_model.modality_encoders.AUDIO.context_encoder.blocks.1.mlp.fc2.bias in ckpt
2026-10-05 16:35:06,134 [INFO] init param, map: modality_encoders.AUDIO.context_encoder.blocks.2.norm1.weight from d2v_model.modality_encoders.AUDIO.context_encoder.blocks.2.norm1.weight in ckpt
2026-10-05 16:35:06,134 [INFO] init param, map: modality_encoders.AUDIO.context_encoder.blocks.2.norm1.bias from d2v_model.modality_encoders.AUDIO.context_encoder.blocks.2.norm1.bias in ckpt
2026-10-05 16:35:06,134 [INFO] init param, map: modality_encoders.AUDIO.context_encoder.blocks.2.attn.qkv.weight from d2v_model.modality_encoders.AUDIO.context_encoder.blocks.2.attn.qkv.weight in ckpt
2026-10-05 16:35:06,134 [INFO] init param, map: modality_encoders.AUDIO.context_encoder.blocks.2.attn.qkv.bias from d2v_model.modality_encoders.AUDIO.context_encoder.blocks.2.attn.qkv.bias in ckpt
2026-10-05 16:35:06,134 [INFO] init param, map: modality_encoders.AUDIO.context_encoder.blocks.2.attn.proj.weight from d2v_model.modality_encoders.AUDIO.context_encoder.blocks.2.attn.proj.weight in ckpt
2026-10-05 16:35:06,134 [INFO] init param, map: modality_encoders.AUDIO.context_encoder.blocks.2.attn.proj.bias from d2v_model.modality_encoders.AUDIO.context_encoder.blocks.2.attn.proj.bias in ckpt
2026-10-05 16:35:06,134 [INFO] init param, map: modality_encoders.AUDIO.context_encoder.blocks.2.norm2.weight from d2v_model.modality_encoders.AUDIO.context_encoder.blocks.2.norm2.weight in ckpt
2026-10-05 16:35:06,134 [INFO] init param, map: modality_encoders.AUDIO.context_encoder.blocks.2.norm2.bias from d2v_model.modality_encoders.AUDIO.context_encoder.blocks.2.norm2.bias in ckpt
2026-10-05 16:35:06,134 [INFO] init param, map: modality_encoders.AUDIO.context_encoder.blocks.2.mlp.fc1.weight from d2v_model.modality_encoders.AUDIO.context_encoder.blocks.2.mlp.fc1.weight in ckpt
2026-10-05 16:35:06,135 [INFO] init param, map: modality_encoders.AUDIO.context_encoder.blocks.2.mlp.fc1.bias from d2v_model.modality_encoders.AUDIO.context_encoder.blocks.2.mlp.fc1.bias in ckpt
2026-10-05 16:35:06,135 [INFO] init param, map: modality_encoders.AUDIO.context_encoder.blocks.2.mlp.fc2.weight from d2v_model.modality_encoders.AUDIO.context_encoder.blocks.2.mlp.fc2.weight in ckpt
2026-10-05 16:35:06,135 [INFO] init param, map: modality_encoders.AUDIO.context_encoder.blocks.2.mlp.fc2.bias from d2v_model.modality_encoders.AUDIO.context_encoder.blocks.2.mlp.fc2.bias in ckpt
2026-10-05 16:35:06,135 [INFO] init param, map: modality_encoders.AUDIO.context_encoder.blocks.3.norm1.weight from d2v_model.modality_encoders.AUDIO.context_encoder.blocks.3.norm1.weight in ckpt
2026-10-05 16:35:06,135 [INFO] init param, map: modality_encoders.AUDIO.context_encoder.blocks.3.norm1.bias from d2v_model.modality_encoders.AUDIO.context_encoder.blocks.3.norm1.bias in ckpt
2026-10-05 16:35:06,135 [INFO] init param, map: modality_encoders.AUDIO.context_encoder.blocks.3.attn.qkv.weight from d2v_model.modality_encoders.AUDIO.context_encoder.blocks.3.attn.qkv.weight in ckpt
2026-10-05 16:35:06,135 [INFO] init param, map: modality_encoders.AUDIO.context_encoder.blocks.3.attn.qkv.bias from d2v_model.modality_encoders.AUDIO.context_encoder.blocks.3.attn.qkv.bias in ckpt
2026-10-05 16:35:06,135 [INFO] init param, map: modality_encoders.AUDIO.context_encoder.blocks.3.attn.proj.weight from d2v_model.modality_encoders.AUDIO.context_encoder.blocks.3.attn.proj.weight in ckpt
2026-10-05 16:35:06,135 [INFO] init param, map: modality_encoders.AUDIO.context_encoder.blocks.3.attn.proj.bias from d2v_model.modality_encoders.AUDIO.context_encoder.blocks.3.attn.proj.bias in ckpt
2026-10-05 16:35:06,135 [INFO] init param, map: modality_encoders.AUDIO.context_encoder.blocks.3.norm2.weight from d2v_model.modality_encoders.AUDIO.context_encoder.blocks.3.norm2.weight in ckpt
2026-10-05 16:35:06,135 [INFO] init param, map: modality_encoders.AUDIO.context_encoder.blocks.3.norm2.bias from d2v_model.modality_encoders.AUDIO.context_encoder.blocks.3.norm2.bias in ckpt
2026-10-05 16:35:06,135 [INFO] init param, map: modality_encoders.AUDIO.context_encoder.blocks.3.mlp.fc1.weight from d2v_model.modality_encoders.AUDIO.context_encoder.blocks.3.mlp.fc1.weight in ckpt
2026-10-05 16:35:06,135 [INFO] init param, map: modality_encoders.AUDIO.context_encoder.blocks.3.mlp.fc1.bias from d2v_model.modality_encoders.AUDIO.context_encoder.blocks.3.mlp.fc1.bias in ckpt
2026-10-05 16:35:06,135 [INFO] init param, map: modality_encoders.AUDIO.context_encoder.blocks.3.mlp.fc2.weight from d2v_model.modality_encoders.AUDIO.context_encoder.blocks.3.mlp.fc2.weight in ckpt
2026-10-05 16:35:06,135 [INFO] init param, map: modality_encoders.AUDIO.context_encoder.blocks.3.mlp.fc2.bias from d2v_model.modality_encoders.AUDIO.context_encoder.blocks.3.mlp.fc2.bias in ckpt
2026-10-05 16:35:06,135 [INFO] init param, map: modality_encoders.AUDIO.context_encoder.norm.weight from d2v_model.modality_encoders.AUDIO.context_encoder.norm.weight in ckpt
2026-10-05 16:35:06,135 [INFO] init param, map: modality_encoders.AUDIO.context_encoder.norm.bias from d2v_model.modality_encoders.AUDIO.context_encoder.norm.bias in ckpt
2026-10-05 16:35:06,135 [INFO] init param, map: blocks.0.norm1.weight from d2v_model.blocks.0.norm1.weight in ckpt
2026-10-05 16:35:06,135 [INFO] init param, map: blocks.0.norm1.bias from d2v_model.blocks.0.norm1.bias in ckpt
2026-10-05 16:35:06,135 [INFO] init param, map: blocks.0.attn.qkv.weight from d2v_model.blocks.0.attn.qkv.weight in ckpt
2026-10-05 16:35:06,135 [INFO] init param, map: blocks.0.attn.qkv.bias from d2v_model.blocks.0.attn.qkv.bias in ckpt
2026-10-05 16:35:06,135 [INFO] init param, map: blocks.0.attn.proj.weight from d2v_model.blocks.0.attn.proj.weight in ckpt
2026-10-05 16:35:06,135 [INFO] init param, map: blocks.0.attn.proj.bias from d2v_model.blocks.0.attn.proj.bias in ckpt
2026-10-05 16:35:06,135 [INFO] init param, map: blocks.0.norm2.weight from d2v_model.blocks.0.norm2.weight in ckpt
2026-10-05 16:35:06,135 [INFO] init param, map: blocks.0.norm2.bias from d2v_model.blocks.0.norm2.bias in ckpt
2026-10-05 16:35:06,135 [INFO] init param, map: blocks.0.mlp.fc1.weight from d2v_model.blocks.0.mlp.fc1.weight in ckpt
2026-10-05 16:35:06,135 [INFO] init param, map: blocks.0.mlp.fc1.bias from d2v_model.blocks.0.mlp.fc1.bias in ckpt
2026-10-05 16:35:06,135 [INFO] init param, map: blocks.0.mlp.fc2.weight from d2v_model.blocks.0.mlp.fc2.weight in ckpt
2026-10-05 16:35:06,135 [INFO] init param, map: blocks.0.mlp.fc2.bias from d2v_model.blocks.0.mlp.fc2.bias in ckpt
2026-10-05 16:35:06,135 [INFO] init param, map: blocks.1.norm1.weight from d2v_model.blocks.1.norm1.weight in ckpt
2026-10-05 16:35:06,135 [INFO] init param, map: blocks.1.norm1.bias from d2v_model.blocks.1.norm1.bias in ckpt
2026-10-05 16:35:06,135 [INFO] init param, map: blocks.1.attn.qkv.weight from d2v_model.blocks.1.attn.qkv.weight in ckpt
2026-10-05 16:35:06,135 [INFO] init param, map: blocks.1.attn.qkv.bias from d2v_model.blocks.1.attn.qkv.bias in ckpt
2026-10-05 16:35:06,135 [INFO] init param, map: blocks.1.attn.proj.weight from d2v_model.blocks.1.attn.proj.weight in ckpt
2026-10-05 16:35:06,135 [INFO] init param, map: blocks.1.attn.proj.bias from d2v_model.blocks.1.attn.proj.bias in ckpt
2026-10-05 16:35:06,135 [INFO] init param, map: blocks.1.norm2.weight from d2v_model.blocks.1.norm2.weight in ckpt
2026-10-05 16:35:06,135 [INFO] init param, map: blocks.1.norm2.bias from d2v_model.blocks.1.norm2.bias in ckpt
2026-10-05 16:35:06,135 [INFO] init param, map: blocks.1.mlp.fc1.weight from d2v_model.blocks.1.mlp.fc1.weight in ckpt
2026-10-05 16:35:06,135 [INFO] init param, map: blocks.1.mlp.fc1.bias from d2v_model.blocks.1.mlp.fc1.bias in ckpt
2026-10-05 16:35:06,135 [INFO] init param, map: blocks.1.mlp.fc2.weight from d2v_model.blocks.1.mlp.fc2.weight in ckpt
2026-10-05 16:35:06,135 [INFO] init param, map: blocks.1.mlp.fc2.bias from d2v_model.blocks.1.mlp.fc2.bias in ckpt
2026-10-05 16:35:06,135 [INFO] init param, map: blocks.2.norm1.weight from d2v_model.blocks.2.norm1.weight in ckpt
2026-10-05 16:35:06,135 [INFO] init param, map: blocks.2.norm1.bias from d2v_model.blocks.2.norm1.bias in ckpt
2026-10-05 16:35:06,135 [INFO] init param, map: blocks.2.attn.qkv.weight from d2v_model.blocks.2.attn.qkv.weight in ckpt
2026-10-05 16:35:06,135 [INFO] init param, map: blocks.2.attn.qkv.bias from d2v_model.blocks.2.attn.qkv.bias in ckpt
2026-10-05 16:35:06,135 [INFO] init param, map: blocks.2.attn.proj.weight from d2v_model.blocks.2.attn.proj.weight in ckpt
2026-10-05 16:35:06,135 [INFO] init param, map: blocks.2.attn.proj.bias from d2v_model.blocks.2.attn.proj.bias in ckpt
2026-10-05 16:35:06,135 [INFO] init param, map: blocks.2.norm2.weight from d2v_model.blocks.2.norm2.weight in ckpt
2026-10-05 16:35:06,135 [INFO] init param, map: blocks.2.norm2.bias from d2v_model.blocks.2.norm2.bias in ckpt
2026-10-05 16:35:06,135 [INFO] init param, map: blocks.2.mlp.fc1.weight from d2v_model.blocks.2.mlp.fc1.weight in ckpt
2026-10-05 16:35:06,135 [INFO] init param, map: blocks.2.mlp.fc1.bias from d2v_model.blocks.2.mlp.fc1.bias in ckpt
2026-10-05 16:35:06,135 [INFO] init param, map: blocks.2.mlp.fc2.weight from d2v_model.blocks.2.mlp.fc2.weight in ckpt
2026-10-05 16:35:06,135 [INFO] init param, map: blocks.2.mlp.fc2.bias from d2v_model.blocks.2.mlp.fc2.bias in ckpt
2026-10-05 16:35:06,135 [INFO] init param, map: blocks.3.norm1.weight from d2v_model.blocks.3.norm1.weight in ckpt
2026-10-05 16:35:06,135 [INFO] init param, map: blocks.3.norm1.bias from d2v_model.blocks.3.norm1.bias in ckpt
2026-10-05 16:35:06,135 [INFO] init param, map: blocks.3.attn.qkv.weight from d2v_model.blocks.3.attn.qkv.weight in ckpt
2026-10-05 16:35:06,135 [INFO] init param, map: blocks.3.attn.qkv.bias from d2v_model.blocks.3.attn.qkv.bias in ckpt
2026-10-05 16:35:06,135 [INFO] init param, map: blocks.3.attn.proj.weight from d2v_model.blocks.3.attn.proj.weight in ckpt
2026-10-05 16:35:06,135 [INFO] init param, map: blocks.3.attn.proj.bias from d2v_model.blocks.3.attn.proj.bias in ckpt
2026-10-05 16:35:06,135 [INFO] init param, map: blocks.3.norm2.weight from d2v_model.blocks.3.norm2.weight in ckpt
2026-10-05 16:35:06,135 [INFO] init param, map: blocks.3.norm2.bias from d2v_model.blocks.3.norm2.bias in ckpt
2026-10-05 16:35:06,135 [INFO] init param, map: blocks.3.mlp.fc1.weight from d2v_model.blocks.3.mlp.fc1.weight in ckpt
2026-10-05 16:35:06,135 [INFO] init param, map: blocks.3.mlp.fc1.bias from d2v_model.blocks.3.mlp.fc1.bias in ckpt
2026-10-05 16:35:06,135 [INFO] init param, map: blocks.3.mlp.fc2.weight from d2v_model.blocks.3.mlp.fc2.weight in ckpt
2026-10-05 16:35:06,135 [INFO] init param, map: blocks.3.mlp.fc2.bias from d2v_model.blocks.3.mlp.fc2.bias in ckpt
2026-10-05 16:35:06,135 [INFO] init param, map: blocks.4.norm1.weight from d2v_model.blocks.4.norm1.weight in ckpt
2026-10-05 16:35:06,135 [INFO] init param, map: blocks.4.norm1.bias from d2v_model.blocks.4.norm1.bias in ckpt
2026-10-05 16:35:06,135 [INFO] init param, map: blocks.4.attn.qkv.weight from d2v_model.blocks.4.attn.qkv.weight in ckpt
2026-10-05 16:35:06,135 [INFO] init param, map: blocks.4.attn.qkv.bias from d2v_model.blocks.4.attn.qkv.bias in ckpt
2026-10-05 16:35:06,135 [INFO] init param, map: blocks.4.attn.proj.weight from d2v_model.blocks.4.attn.proj.weight in ckpt
2026-10-05 16:35:06,135 [INFO] init param, map: blocks.4.attn.proj.bias from d2v_model.blocks.4.attn.proj.bias in ckpt
2026-10-05 16:35:06,135 [INFO] init param, map: blocks.4.norm2.weight from d2v_model.blocks.4.norm2.weight in ckpt
2026-10-05 16:35:06,135 [INFO] init param, map: blocks.4.norm2.bias from d2v_model.blocks.4.norm2.bias in ckpt
2026-10-05 16:35:06,135 [INFO] init param, map: blocks.4.mlp.fc1.weight from d2v_model.blocks.4.mlp.fc1.weight in ckpt
2026-10-05 16:35:06,135 [INFO] init param, map: blocks.4.mlp.fc1.bias from d2v_model.blocks.4.mlp.fc1.bias in ckpt
2026-10-05 16:35:06,135 [INFO] init param, map: blocks.4.mlp.fc2.weight from d2v_model.blocks.4.mlp.fc2.weight in ckpt
2026-10-05 16:35:06,135 [INFO] init param, map: blocks.4.mlp.fc2.bias from d2v_model.blocks.4.mlp.fc2.bias in ckpt
2026-10-05 16:35:06,135 [INFO] init param, map: blocks.5.norm1.weight from d2v_model.blocks.5.norm1.weight in ckpt
2026-10-05 16:35:06,135 [INFO] init param, map: blocks.5.norm1.bias from d2v_model.blocks.5.norm1.bias in ckpt
2026-10-05 16:35:06,135 [INFO] init param, map: blocks.5.attn.qkv.weight from d2v_model.blocks.5.attn.qkv.weight in ckpt
2026-10-05 16:35:06,135 [INFO] init param, map: blocks.5.attn.qkv.bias from d2v_model.blocks.5.attn.qkv.bias in ckpt
2026-10-05 16:35:06,135 [INFO] init param, map: blocks.5.attn.proj.weight from d2v_model.blocks.5.attn.proj.weight in ckpt
2026-10-05 16:35:06,135 [INFO] init param, map: blocks.5.attn.proj.bias from d2v_model.blocks.5.attn.proj.bias in ckpt
2026-10-05 16:35:06,135 [INFO] init param, map: blocks.5.norm2.weight from d2v_model.blocks.5.norm2.weight in ckpt
2026-10-05 16:35:06,135 [INFO] init param, map: blocks.5.norm2.bias from d2v_model.blocks.5.norm2.bias in ckpt
2026-10-05 16:35:06,135 [INFO] init param, map: blocks.5.mlp.fc1.weight from d2v_model.blocks.5.mlp.fc1.weight in ckpt
2026-10-05 16:35:06,135 [INFO] init param, map: blocks.5.mlp.fc1.bias from d2v_model.blocks.5.mlp.fc1.bias in ckpt
2026-10-05 16:35:06,135 [INFO] init param, map: blocks.5.mlp.fc2.weight from d2v_model.blocks.5.mlp.fc2.weight in ckpt
2026-10-05 16:35:06,135 [INFO] init param, map: blocks.5.mlp.fc2.bias from d2v_model.blocks.5.mlp.fc2.bias in ckpt
2026-10-05 16:35:06,135 [INFO] init param, map: blocks.6.norm1.weight from d2v_model.blocks.6.norm1.weight in ckpt
2026-10-05 16:35:06,135 [INFO] init param, map: blocks.6.norm1.bias from d2v_model.blocks.6.norm1.bias in ckpt
2026-10-05 16:35:06,135 [INFO] init param, map: blocks.6.attn.qkv.weight from d2v_model.blocks.6.attn.qkv.weight in ckpt
2026-10-05 16:35:06,135 [INFO] init param, map: blocks.6.attn.qkv.bias from d2v_model.blocks.6.attn.qkv.bias in ckpt
2026-10-05 16:35:06,135 [INFO] init param, map: blocks.6.attn.proj.weight from d2v_model.blocks.6.attn.proj.weight in ckpt
2026-10-05 16:35:06,135 [INFO] init param, map: blocks.6.attn.proj.bias from d2v_model.blocks.6.attn.proj.bias in ckpt
2026-10-05 16:35:06,135 [INFO] init param, map: blocks.6.norm2.weight from d2v_model.blocks.6.norm2.weight in ckpt
2026-10-05 16:35:06,135 [INFO] init param, map: blocks.6.norm2.bias from d2v_model.blocks.6.norm2.bias in ckpt
2026-10-05 16:35:06,135 [INFO] init param, map: blocks.6.mlp.fc1.weight from d2v_model.blocks.6.mlp.fc1.weight in ckpt
2026-10-05 16:35:06,135 [INFO] init param, map: blocks.6.mlp.fc1.bias from d2v_model.blocks.6.mlp.fc1.bias in ckpt
2026-10-05 16:35:06,135 [INFO] init param, map: blocks.6.mlp.fc2.weight from d2v_model.blocks.6.mlp.fc2.weight in ckpt
2026-10-05 16:35:06,135 [INFO] init param, map: blocks.6.mlp.fc2.bias from d2v_model.blocks.6.mlp.fc2.bias in ckpt
2026-10-05 16:35:06,135 [INFO] init param, map: blocks.7.norm1.weight from d2v_model.blocks.7.norm1.weight in ckpt
2026-10-05 16:35:06,135 [INFO] init param, map: blocks.7.norm1.bias from d2v_model.blocks.7.norm1.bias in ckpt
2026-10-05 16:35:06,135 [INFO] init param, map: blocks.7.attn.qkv.weight from d2v_model.blocks.7.attn.qkv.weight in ckpt
2026-10-05 16:35:06,135 [INFO] init param, map: blocks.7.attn.qkv.bias from d2v_model.blocks.7.attn.qkv.bias in ckpt
2026-10-05 16:35:06,135 [INFO] init param, map: blocks.7.attn.proj.weight from d2v_model.blocks.7.attn.proj.weight in ckpt
2026-10-05 16:35:06,135 [INFO] init param, map: blocks.7.attn.proj.bias from d2v_model.blocks.7.attn.proj.bias in ckpt
2026-10-05 16:35:06,135 [INFO] init param, map: blocks.7.norm2.weight from d2v_model.blocks.7.norm2.weight in ckpt
2026-10-05 16:35:06,135 [INFO] init param, map: blocks.7.norm2.bias from d2v_model.blocks.7.norm2.bias in ckpt
2026-10-05 16:35:06,135 [INFO] init param, map: blocks.7.mlp.fc1.weight from d2v_model.blocks.7.mlp.fc1.weight in ckpt
2026-10-05 16:35:06,135 [INFO] init param, map: blocks.7.mlp.fc1.bias from d2v_model.blocks.7.mlp.fc1.bias in ckpt
2026-10-05 16:35:06,135 [INFO] init param, map: blocks.7.mlp.fc2.weight from d2v_model.blocks.7.mlp.fc2.weight in ckpt
2026-10-05 16:35:06,135 [INFO] init param, map: blocks.7.mlp.fc2.bias from d2v_model.blocks.7.mlp.fc2.bias in ckpt
2026-10-05 16:35:06,292 [INFO] Loading ckpt: /Users/hassan/.cache/huggingface/hub/models--emotion2vec--emotion2vec_plus_large/snapshots/6c303ba987b86b93193de93e34bb2b077a6bedc4/model.pt, status: <All keys matched successfully>
Warning, miss key in ckpt: modality_encoders.AUDIO.decoder.blocks.0.0.weight, /Users/hassan/.cache/huggingface/hub/models--emotion2vec--emotion2vec_plus_large/snapshots/6c303ba987b86b93193de93e34bb2b077a6bedc4/model.pt
Warning, miss key in ckpt: modality_encoders.AUDIO.decoder.blocks.0.0.bias, /Users/hassan/.cache/huggingface/hub/models--emotion2vec--emotion2vec_plus_large/snapshots/6c303ba987b86b93193de93e34bb2b077a6bedc4/model.pt
Warning, miss key in ckpt: modality_encoders.AUDIO.decoder.blocks.1.0.weight, /Users/hassan/.cache/huggingface/hub/models--emotion2vec--emotion2vec_plus_large/snapshots/6c303ba987b86b93193de93e34bb2b077a6bedc4/model.pt
Warning, miss key in ckpt: modality_encoders.AUDIO.decoder.blocks.1.0.bias, /Users/hassan/.cache/huggingface/hub/models--emotion2vec--emotion2vec_plus_large/snapshots/6c303ba987b86b93193de93e34bb2b077a6bedc4/model.pt
Warning, miss key in ckpt: modality_encoders.AUDIO.decoder.blocks.2.0.weight, /Users/hassan/.cache/huggingface/hub/models--emotion2vec--emotion2vec_plus_large/snapshots/6c303ba987b86b93193de93e34bb2b077a6bedc4/model.pt
Warning, miss key in ckpt: modality_encoders.AUDIO.decoder.blocks.2.0.bias, /Users/hassan/.cache/huggingface/hub/models--emotion2vec--emotion2vec_plus_large/snapshots/6c303ba987b86b93193de93e34bb2b077a6bedc4/model.pt
Warning, miss key in ckpt: modality_encoders.AUDIO.decoder.blocks.3.0.weight, /Users/hassan/.cache/huggingface/hub/models--emotion2vec--emotion2vec_plus_large/snapshots/6c303ba987b86b93193de93e34bb2b077a6bedc4/model.pt
Warning, miss key in ckpt: modality_encoders.AUDIO.decoder.blocks.3.0.bias, /Users/hassan/.cache/huggingface/hub/models--emotion2vec--emotion2vec_plus_large/snapshots/6c303ba987b86b93193de93e34bb2b077a6bedc4/model.pt
Warning, miss key in ckpt: modality_encoders.AUDIO.decoder.proj.weight, /Users/hassan/.cache/huggingface/hub/models--emotion2vec--emotion2vec_plus_large/snapshots/6c303ba987b86b93193de93e34bb2b077a6bedc4/model.pt
Warning, miss key in ckpt: modality_encoders.AUDIO.decoder.proj.bias, /Users/hassan/.cache/huggingface/hub/models--emotion2vec--emotion2vec_plus_large/snapshots/6c303ba987b86b93193de93e34bb2b077a6bedc4/model.pt
e2v_plus_large 200/1440 20s
e2v_plus_large 400/1440 39s
e2v_plus_large 600/1440 58s
e2v_plus_large 800/1440 77s
e2v_plus_large 1000/1440 96s
e2v_plus_large 1200/1440 118s
e2v_plus_large 1400/1440 142s
e2v_plus_large (1440, 1024) 0.103 s/clip ['生气/angry', '厌恶/disgusted', '恐惧/fearful', '开心/happy', '中立/neutral', '其他/other', '难过/sad', '吃惊/surprised', '<unk>']
E2VFULLDONE
