Audio_Speech_Actors_01-24.zip: OK
1440
----------------------------------------------------------------------------------
PyTorch version 2.10.0, machine learning library for Python.

For more help see: https://docs.csc.fi/apps/pytorch/
----------------------------------------------------------------------------------
Warning: You are sending unauthenticated requests to the HF Hub. Please set a HF_TOKEN to enable higher rate limits and faster downloads.
Loading weights:   0%|          | 0/488 [00:00<?, ?it/s]Loading weights: 100%|██████████| 488/488 [00:00<00:00, 37008.34it/s]
[transformers] [1mWavLMForSequenceClassification LOAD REPORT[0m from: microsoft/wavlm-large
Key               | Status  | 
------------------+---------+-
classifier.weight | MISSING | 
projector.weight  | MISSING | 
classifier.bias   | MISSING | 
projector.bias    | MISSING | 

Notes:
- MISSING:	those params were newly initialized because missing from the checkpoint. Consider training on your downstream task.
model ok
cached 1440 clips 0.7583480555555555 hours
PREPDONE
